
> temp@0.0.0 build
> tsc -b && vite build

src/components/layout/AppLayout.tsx(1,8): error TS6133: 'React' is declared but its value is never read.
src/store/useInventoryStore.ts(18,63): error TS6133: 'get' is declared but its value is never read.
