src/components/layout/AppLayout.tsx(1,8): error TS6133: 'React' is declared but its value is never read.
